NR114924.257984.Bac	NR_114924.257984	100.000	1478	0	0	1	1478	1	1478	0.0	2726
NR114924.257984.Bac	NR_025613.257984	99.865	1478	1	1	1	1478	10	1486	0.0	2719
NR114924.257984.Bac	NR_074608.861360	99.121	1479	11	2	1	1478	23	1500	0.0	2660
NR114924.257984.Bac	NR_156872.1933880	99.122	1480	9	3	1	1478	23	1500	0.0	2658
NR114924.257984.Bac	NR_026190.37929	99.179	1461	10	2	1	1461	14	1472	0.0	2634
NR114924.257984.Bac	NR_026195.37930	98.905	1461	15	1	1	1461	14	1473	0.0	2610
NR114924.257984.Bac	NR_025611.861360	98.966	1451	12	3	1	1449	10	1459	0.0	2597
NR114924.257984.Bac	NR_136480.1522174	98.179	1483	19	6	1	1478	28	1507	0.0	2584
NR114924.257984.Bac	NR_114901.225894	98.158	1466	24	3	1	1464	21	1485	0.0	2556
NR114924.257984.Bac	NR_025612.256702	98.219	1460	24	2	1	1459	10	1468	0.0	2553
NR025123.135626.Bac	NR_025123.135626	100.000	1459	0	0	1	1459	1	1459	0.0	2695
NR025123.135626.Bac	NR_137217.934143	97.673	1461	32	2	1	1459	8	1468	0.0	2510
NR025123.135626.Bac	NR_041913.93973	97.190	1459	39	2	1	1459	3	1459	0.0	2468
NR025123.135626.Bac	NR_025012.93973	96.623	1451	45	4	10	1459	1	1448	0.0	2409
NR025123.135626.Bac	NR_042846.238836	96.038	1464	49	8	1	1459	29	1488	0.0	2374
NR025123.135626.Bac	NR_114234.93973	96.937	1404	41	2	57	1459	1	1403	0.0	2353
NR025123.135626.Bac	NR_179797.2282698	95.486	1462	61	5	1	1459	15	1474	0.0	2329
NR025123.135626.Bac	NR_180615.2588449	95.420	1463	57	10	1	1459	29	1485	0.0	2322
NR025123.135626.Bac	NR_179059.2282699	95.202	1459	65	5	1	1456	12	1468	0.0	2302
NR025123.135626.Bac	NR_149298.640633	95.281	1441	64	4	19	1457	1	1439	0.0	2281
draft-5123	NR_118290.72360	100.000	441	0	0	1	441	303	743	0.0	815
draft-5123	NR_024693.72360	100.000	441	0	0	1	441	344	784	0.0	815
draft-5123	NR_115282.260554	100.000	441	0	0	1	441	327	767	0.0	815
draft-5123	NR_115931.260554	100.000	441	0	0	1	441	331	771	0.0	815
draft-5123	NR_115930.260554	100.000	441	0	0	1	441	331	771	0.0	815
draft-5123	NR_115929.260554	100.000	441	0	0	1	441	331	771	0.0	815
draft-5123	NR_115063.260554	100.000	441	0	0	1	441	350	790	0.0	815
draft-5123	NR_112725.72360	100.000	441	0	0	1	441	333	773	0.0	815
draft-5123	NR_116185.72360	100.000	441	0	0	1	441	217	657	0.0	815
draft-5123	NR_112116.1423	99.773	441	1	0	1	441	360	800	0.0	809
close-to-NR_040877	NR_040877.537011	99.866	1494	1	1	1	1493	1	1494	0.0	2715
close-to-NR_040877	NR_113411.537011	99.464	1493	8	0	1	1493	1	1493	0.0	2706
close-to-NR_040877	NR_180452.2518605	97.825	1471	30	2	21	1490	1	1470	0.0	2551
close-to-NR_040877	NR_113124.28137	93.258	1498	90	8	1	1493	1	1492	0.0	2206
close-to-NR_040877	NR_029147.28136	93.240	1494	92	9	1	1490	5	1493	0.0	2206
close-to-NR_040877	NR_113105.470565	93.136	1486	91	8	13	1493	1	1480	0.0	2180
close-to-NR_040877	NR_113122.185294	92.852	1497	97	10	1	1493	1	1491	0.0	2176
close-to-NR_040877	NR_175509.2608404	92.905	1494	97	6	1	1490	1	1489	0.0	2174
close-to-NR_040877	NR_178237.2801997	93.085	1475	92	10	13	1483	4	1472	0.0	2163
close-to-NR_040877	NR_102895.553174	92.709	1495	98	8	1	1490	9	1497	0.0	2158
NR_113097.873513	NR_113097.873513	100.000	1480	0	0	1	1480	1	1480	0.0	2734
NR_113097.873513	NR_044631.873513	99.036	1453	14	0	2	1454	21	1473	0.0	2628
NR_113097.873513	NR_113094.305719	91.504	1483	119	4	2	1480	15	1494	0.0	2034
NR_113097.873513	NR_116860.305719	91.358	1458	119	4	8	1461	1	1455	0.0	1988
NR_113097.873513	NR_043224.305719	91.358	1458	119	4	8	1461	1	1455	0.0	1988
NR_113097.873513	NR_041056.888743	90.659	1488	122	15	2	1480	15	1494	0.0	1962
NR_113097.873513	NR_113100.908937	90.141	1491	125	20	2	1480	3	1483	0.0	1919
NR_113097.873513	NR_102481.908937	90.121	1488	125	20	2	1477	12	1489	0.0	1914
NR_113097.873513	NR_113109.840	89.879	1482	141	8	2	1480	1	1476	0.0	1897
NR_113097.873513	NR_113108.840	89.879	1482	141	8	2	1480	15	1490	0.0	1897
draft-8923	NR_181926.2880966	99.318	440	3	0	1	440	355	794	0.0	797
draft-8923	NR_152692.1890302	98.864	440	5	0	1	440	355	794	0.0	785
draft-8923	NR_157736.2026188	98.864	440	5	0	1	440	355	794	0.0	785
draft-8923	NR_157735.2026192	98.864	440	5	0	1	440	355	794	0.0	785
draft-8923	NR_157734.2026194	98.864	440	5	0	1	440	355	794	0.0	785
draft-8923	NR_157733.2026187	98.864	440	5	0	1	440	355	794	0.0	785
draft-8923	NR_157732.2026193	98.864	440	5	0	1	440	355	794	0.0	785
draft-8923	NR_157731.2026190	98.864	440	5	0	1	440	355	794	0.0	785
draft-8923	NR_157730.2026191	98.864	440	5	0	1	440	355	794	0.0	785
draft-8923	NR_157729.2026189	98.864	440	5	0	1	440	355	794	0.0	785
draft-1605	NR_181926.2880966	99.091	440	4	0	1	440	355	794	0.0	791
draft-1605	NR_152692.1890302	98.636	440	6	0	1	440	355	794	0.0	780
draft-1605	NR_157736.2026188	98.636	440	6	0	1	440	355	794	0.0	780
draft-1605	NR_157735.2026192	98.636	440	6	0	1	440	355	794	0.0	780
draft-1605	NR_157734.2026194	98.636	440	6	0	1	440	355	794	0.0	780
draft-1605	NR_157733.2026187	98.636	440	6	0	1	440	355	794	0.0	780
draft-1605	NR_157732.2026193	98.636	440	6	0	1	440	355	794	0.0	780
draft-1605	NR_157731.2026190	98.636	440	6	0	1	440	355	794	0.0	780
draft-1605	NR_157730.2026191	98.636	440	6	0	1	440	355	794	0.0	780
draft-1605	NR_157729.2026189	98.636	440	6	0	1	440	355	794	0.0	780
draft-893	NR_181926.2880966	98.024	253	5	0	1	253	355	607	2.04e-123	440
draft-893	NR_159143.1516104	98.024	253	5	0	1	253	353	605	2.04e-123	440
draft-893	NR_152692.1890302	97.628	253	6	0	1	253	355	607	9.47e-122	435
draft-893	NR_157736.2026188	97.628	253	6	0	1	253	355	607	9.47e-122	435
draft-893	NR_157735.2026192	97.628	253	6	0	1	253	355	607	9.47e-122	435
draft-893	NR_157734.2026194	97.628	253	6	0	1	253	355	607	9.47e-122	435
draft-893	NR_157733.2026187	97.628	253	6	0	1	253	355	607	9.47e-122	435
draft-893	NR_157732.2026193	97.628	253	6	0	1	253	355	607	9.47e-122	435
draft-893	NR_157731.2026190	97.628	253	6	0	1	253	355	607	9.47e-122	435
draft-893	NR_157730.2026191	97.628	253	6	0	1	253	355	607	9.47e-122	435
draft-2582	NR_181196.2740516	99.772	439	1	0	1	439	344	782	0.0	806
draft-2582	NR_180102.2213015	99.772	439	1	0	1	439	341	779	0.0	806
draft-2582	NR_114226.70775	99.772	439	1	0	1	439	321	759	0.0	806
draft-2582	NR_024662.70775	99.772	439	1	0	1	439	341	779	0.0	806
draft-2582	NR_135703.1288410	99.772	439	1	0	1	439	353	791	0.0	806
draft-2582	NR_102854.384676	99.772	439	1	0	1	439	341	779	0.0	806
draft-2582	NR_178290.485895	99.772	439	1	0	1	439	327	765	0.0	806
draft-2582	NR_178287.485876	99.772	439	1	0	1	439	326	764	0.0	806
draft-2582	NR_024924.78327	99.772	439	1	0	1	439	332	770	0.0	806
draft-2582	NR_115336.384676	99.544	439	2	0	1	439	327	765	0.0	802
