draft-8923	NR_181926.2880966	99.318	440	3	0	1	440	355	794	0.0	797
draft-8923	NR_180213.2338372	98.864	440	5	0	1	440	362	801	0.0	785
draft-8923	NR_157736.2026188	98.864	440	5	0	1	440	355	794	0.0	785
draft-8923	NR_157735.2026192	98.864	440	5	0	1	440	355	794	0.0	785
draft-8923	NR_157734.2026194	98.864	440	5	0	1	440	355	794	0.0	785
draft-8923	NR_157733.2026187	98.864	440	5	0	1	440	355	794	0.0	785
draft-8923	NR_157732.2026193	98.864	440	5	0	1	440	355	794	0.0	785
draft-8923	NR_157731.2026190	98.864	440	5	0	1	440	355	794	0.0	785
draft-8923	NR_157730.2026191	98.864	440	5	0	1	440	355	794	0.0	785
draft-8923	NR_152692.1890302	98.864	440	5	0	1	440	355	794	0.0	785
NR025123.135626.Bac	NR025123.135626.Bacb	100.000	1459	0	0	1	1459	1	1459	0.0	2695
NR025123.135626.Bac	NR025123.135626.Baca	100.000	1459	0	0	1	1459	1	1459	0.0	2695
NR025123.135626.Bac	NR137217.934143.Bac	97.673	1461	32	2	1	1459	8	1468	0.0	2510
NR025123.135626.Bac	NR041913.93973.Bac	97.190	1459	39	2	1	1459	3	1459	0.0	2468
NR025123.135626.Bac	NR025012.93973.Bac	96.623	1451	45	4	10	1459	1	1448	0.0	2409
NR025123.135626.Bac	NR042846.238836.Bac	96.038	1464	49	8	1	1459	29	1488	0.0	2374
NR025123.135626.Bac	NR114234.93973.Bac	96.937	1404	41	2	57	1459	1	1403	0.0	2353
NR025123.135626.Bac	NR149298.640633.Bac	95.281	1441	64	4	19	1457	1	1439	0.0	2281
NR025123.135626.Bac	NR029070.220752.Bac	94.863	1460	71	4	1	1459	8	1464	0.0	2278
NR025123.135626.Bac	NR042710.518738.Bac	94.668	1463	68	10	1	1459	9	1465	0.0	2263
draft-1605	NR_181926.2880966	99.091	440	4	0	1	440	355	794	0.0	791
draft-1605	NR_180213.2338372	98.636	440	6	0	1	440	362	801	0.0	780
draft-1605	NR_157736.2026188	98.636	440	6	0	1	440	355	794	0.0	780
draft-1605	NR_157735.2026192	98.636	440	6	0	1	440	355	794	0.0	780
draft-1605	NR_157734.2026194	98.636	440	6	0	1	440	355	794	0.0	780
draft-1605	NR_157733.2026187	98.636	440	6	0	1	440	355	794	0.0	780
draft-1605	NR_157732.2026193	98.636	440	6	0	1	440	355	794	0.0	780
draft-1605	NR_157731.2026190	98.636	440	6	0	1	440	355	794	0.0	780
draft-1605	NR_157730.2026191	98.636	440	6	0	1	440	355	794	0.0	780
draft-1605	NR_152692.1890302	98.636	440	6	0	1	440	355	794	0.0	780
close-to-NR_040877	NR_113097.873513	88.255	1490	153	21	15	1493	2	1480	0.0	1777
NR114924.257984.Bac	NR114924.257984.Bacb	100.000	1478	0	0	1	1478	1	1478	0.0	2726
NR114924.257984.Bac	NR114924.257984.Baca	100.000	1478	0	0	1	1478	1	1478	0.0	2726
NR114924.257984.Bac	NR025613.257984.Bac	99.865	1478	1	1	1	1478	10	1486	0.0	2719
NR114924.257984.Bac	NR074608.861360.Bac	99.121	1479	11	2	1	1478	23	1500	0.0	2660
NR114924.257984.Bac	NR156872.1933880.Bac	99.122	1480	9	3	1	1478	23	1500	0.0	2658
NR114924.257984.Bac	NR026190.37929.Bac	99.179	1461	10	2	1	1461	14	1472	0.0	2634
NR114924.257984.Bac	NR026195.37930.Bac	98.905	1461	15	1	1	1461	14	1473	0.0	2610
NR114924.257984.Bac	NR025611.861360.Bac	98.966	1451	12	3	1	1449	10	1459	0.0	2597
NR114924.257984.Bac	NR136480.1522174.Bac	98.179	1483	19	6	1	1478	28	1507	0.0	2584
NR114924.257984.Bac	NR114901.225894.Bac	98.158	1466	24	3	1	1464	21	1485	0.0	2556
draft-893	NR_181926.2880966	98.024	253	5	0	1	253	355	607	3.13e-126	440
draft-893	NR_159143.1516104	98.024	253	5	0	1	253	353	605	3.13e-126	440
draft-893	NR_180213.2338372	97.628	253	6	0	1	253	362	614	1.46e-124	435
draft-893	NR_157736.2026188	97.628	253	6	0	1	253	355	607	1.46e-124	435
draft-893	NR_157735.2026192	97.628	253	6	0	1	253	355	607	1.46e-124	435
draft-893	NR_157734.2026194	97.628	253	6	0	1	253	355	607	1.46e-124	435
draft-893	NR_157733.2026187	97.628	253	6	0	1	253	355	607	1.46e-124	435
draft-893	NR_157732.2026193	97.628	253	6	0	1	253	355	607	1.46e-124	435
draft-893	NR_157731.2026190	97.628	253	6	0	1	253	355	607	1.46e-124	435
draft-893	NR_157730.2026191	97.628	253	6	0	1	253	355	607	1.46e-124	435
draft-5123	PP097920.260554.Bac	100.000	441	0	0	1	441	303	743	0.0	815
draft-5123	PP098735.1423.Bac	100.000	441	0	0	1	441	305	745	0.0	815
draft-5123	PP095645.1423.Bac	100.000	441	0	0	1	441	301	741	0.0	815
draft-5123	PP096844.260554.Bac	100.000	441	0	0	1	441	330	770	0.0	815
draft-5123	PP125782.260554.Bac	100.000	441	0	0	1	441	303	743	0.0	815
draft-5123	PP125788.1423.Bac	100.000	441	0	0	1	441	303	743	0.0	815
draft-5123	NR_159143.1516104	94.118	442	24	2	1	441	353	793	0.0	671
draft-5123	NR_180213.2338372	93.891	442	25	2	1	441	362	802	0.0	665
draft-5123	NR_157736.2026188	93.891	442	25	2	1	441	355	795	0.0	665
draft-5123	NR_157735.2026192	93.891	442	25	2	1	441	355	795	0.0	665
NR_113097.873513	NR_113097.873513	100.000	1480	0	0	1	1480	1	1480	0.0	2734
